// Jest Snapshot v1, https://goo.gl/fbAQLP

exports[`renders correctly 1`] = `
<div
  className="ant-card sub-account-wrapper"
>
  <div
    className="ant-card-body"
    style={Object {}}
  >
    <div
      className="ant-spin-nested-loading"
    >
      <div>
        <div
          className="ant-spin ant-spin-spinning"
        >
          <span
            className="ant-spin-dot ant-spin-dot-spin"
          >
            <i
              className="ant-spin-dot-item"
            />
            <i
              className="ant-spin-dot-item"
            />
            <i
              className="ant-spin-dot-item"
            />
            <i
              className="ant-spin-dot-item"
            />
          </span>
        </div>
      </div>
      <div
        className="ant-spin-container ant-spin-blur"
      >
        <div
          style={
            Object {
              "display": "flex",
              "justifyContent": "space-between",
              "marginBottom": "20px",
            }
          }
        >
          <button
            className="ant-btn ant-btn-primary ant-btn-background-ghost"
            onClick={[Function]}
            type="button"
          >
            <span>
              + 创建子账号
            </span>
          </button>
          <div
            className="comp-search-account-input"
          >
            <span
              className="ant-input-affix-wrapper"
            >
              <span
                className="ant-input-prefix"
              >
                <i
                  aria-label="icon: search"
                  className="anticon anticon-search"
                >
                  <svg
                    aria-hidden="true"
                    className=""
                    data-icon="search"
                    fill="currentColor"
                    focusable="false"
                    height="1em"
                    viewBox="64 64 896 896"
                    width="1em"
                  >
                    <path
                      d="M909.6 854.5L649.9 594.8C690.2 542.7 712 479 712 412c0-80.2-31.3-155.4-87.9-212.1-56.6-56.7-132-87.9-212.1-87.9s-155.5 31.3-212.1 87.9C143.2 256.5 112 331.8 112 412c0 80.1 31.3 155.5 87.9 212.1C256.5 680.8 331.8 712 412 712c67 0 130.6-21.8 182.7-62l259.7 259.6a8.2 8.2 0 0 0 11.6 0l43.6-43.5a8.2 8.2 0 0 0 0-11.6zM570.4 570.4C528 612.7 471.8 636 412 636s-116-23.3-158.4-65.6C211.3 528 188 471.8 188 412s23.3-116.1 65.6-158.4C296 211.3 352.2 188 412 188s116.1 23.2 158.4 65.6S636 352.2 636 412s-23.3 116.1-65.6 158.4z"
                    />
                  </svg>
                </i>
              </span>
              <input
                className="ant-input"
                disabled={false}
                name="search-account"
                onChange={[Function]}
                onKeyDown={[Function]}
                placeholder="请输入用户名搜索"
                style={null}
                type="text"
                value=""
              />
            </span>
          </div>
        </div>
        <div
          className="ant-table-wrapper"
        >
          <div
            className="ant-spin-nested-loading"
          >
            <div
              className="ant-spin-container"
            >
              <div
                className="ant-table ant-table-default ant-table-empty ant-table-scroll-position-left"
                style={Object {}}
              >
                <div
                  className="ant-table-content"
                >
                  <div
                    className="ant-table-body"
                    onScroll={[Function]}
                    onWheel={[Function]}
                    style={Object {}}
                  >
                    <table
                      className=""
                      style={Object {}}
                    >
                      <colgroup>
                        <col
                          style={
                            Object {
                              "minWidth": undefined,
                              "width": undefined,
                            }
                          }
                        />
                        <col
                          style={
                            Object {
                              "minWidth": undefined,
                              "width": undefined,
                            }
                          }
                        />
                        <col
                          style={
                            Object {
                              "minWidth": undefined,
                              "width": undefined,
                            }
                          }
                        />
                        <col
                          style={
                            Object {
                              "minWidth": undefined,
                              "width": undefined,
                            }
                          }
                        />
                      </colgroup>
                      <thead
                        className="ant-table-thead"
                      >
                        <tr
                          style={
                            Object {
                              "height": null,
                            }
                          }
                        >
                          <th
                            className=""
                          >
                            <span
                              className="ant-table-header-column"
                            >
                              <div>
                                <span
                                  className="ant-table-column-title"
                                >
                                  用户名
                                </span>
                                <span
                                  className="ant-table-column-sorter"
                                />
                              </div>
                            </span>
                          </th>
                          <th
                            className=""
                          >
                            <span
                              className="ant-table-header-column"
                            >
                              <div>
                                <span
                                  className="ant-table-column-title"
                                >
                                  邮箱
                                </span>
                                <span
                                  className="ant-table-column-sorter"
                                />
                              </div>
                            </span>
                          </th>
                          <th
                            className=""
                          >
                            <span
                              className="ant-table-header-column"
                            >
                              <div>
                                <span
                                  className="ant-table-column-title"
                                >
                                  状态
                                </span>
                                <span
                                  className="ant-table-column-sorter"
                                />
                              </div>
                            </span>
                          </th>
                          <th
                            className=""
                          >
                            <span
                              className="ant-table-header-column"
                            >
                              <div>
                                <span
                                  className="ant-table-column-title"
                                >
                                  操作
                                </span>
                                <span
                                  className="ant-table-column-sorter"
                                />
                              </div>
                            </span>
                          </th>
                        </tr>
                      </thead>
                      <tbody
                        className="ant-table-tbody"
                      />
                    </table>
                  </div>
                  <div
                    className="ant-table-placeholder"
                  >
                    <div
                      className="ant-empty ant-empty-normal"
                    >
                      <div
                        className="ant-empty-image"
                      >
                        <img
                          alt="No Data"
                          src="data:image/svg+xml;base64,PHN2ZyB3aWR0aD0iNjQiIGhlaWdodD0iNDEiIHZpZXdCb3g9IjAgMCA2NCA0MSIgIHhtbG5zPSJodHRwOi8vd3d3LnczLm9yZy8yMDAwL3N2ZyI+CiAgPGcgdHJhbnNmb3JtPSJ0cmFuc2xhdGUoMCAxKSIgZmlsbD0ibm9uZSIgZmlsbC1ydWxlPSJldmVub2RkIj4KICAgIDxlbGxpcHNlIGZpbGw9IiNGNUY1RjUiIGN4PSIzMiIgY3k9IjMzIiByeD0iMzIiIHJ5PSI3Ii8+CiAgICA8ZyBmaWxsLXJ1bGU9Im5vbnplcm8iIHN0cm9rZT0iI0Q5RDlEOSI+CiAgICAgIDxwYXRoIGQ9Ik01NSAxMi43Nkw0NC44NTQgMS4yNThDNDQuMzY3LjQ3NCA0My42NTYgMCA0Mi45MDcgMEgyMS4wOTNjLS43NDkgMC0xLjQ2LjQ3NC0xLjk0NyAxLjI1N0w5IDEyLjc2MVYyMmg0NnYtOS4yNHoiLz4KICAgICAgPHBhdGggZD0iTTQxLjYxMyAxNS45MzFjMC0xLjYwNS45OTQtMi45MyAyLjIyNy0yLjkzMUg1NXYxOC4xMzdDNTUgMzMuMjYgNTMuNjggMzUgNTIuMDUgMzVoLTQwLjFDMTAuMzIgMzUgOSAzMy4yNTkgOSAzMS4xMzdWMTNoMTEuMTZjMS4yMzMgMCAyLjIyNyAxLjMyMyAyLjIyNyAyLjkyOHYuMDIyYzAgMS42MDUgMS4wMDUgMi45MDEgMi4yMzcgMi45MDFoMTQuNzUyYzEuMjMyIDAgMi4yMzctMS4zMDggMi4yMzctMi45MTN2LS4wMDd6IiBmaWxsPSIjRkFGQUZBIi8+CiAgICA8L2c+CiAgPC9nPgo8L3N2Zz4K"
                        />
                      </div>
                      <p
                        className="ant-empty-description"
                      >
                        No Data
                      </p>
                    </div>
                  </div>
                </div>
              </div>
            </div>
          </div>
        </div>
        <div
          className="load-more"
        >
          <button
            className="ant-btn load-more-btn ant-btn-loading"
            disabled={true}
            onClick={[Function]}
            type="button"
          >
            <i
              aria-label="icon: loading"
              className="anticon anticon-loading"
            >
              <svg
                aria-hidden="true"
                className="anticon-spin"
                data-icon="loading"
                fill="currentColor"
                focusable="false"
                height="1em"
                viewBox="0 0 1024 1024"
                width="1em"
              >
                <path
                  d="M988 548c-19.9 0-36-16.1-36-36 0-59.4-11.6-117-34.6-171.3a440.45 440.45 0 0 0-94.3-139.9 437.71 437.71 0 0 0-139.9-94.3C629 83.6 571.4 72 512 72c-19.9 0-36-16.1-36-36s16.1-36 36-36c69.1 0 136.2 13.5 199.3 40.3C772.3 66 827 103 874 150c47 47 83.9 101.8 109.7 162.7 26.7 63.1 40.2 130.2 40.2 199.3.1 19.9-16 36-35.9 36z"
                />
              </svg>
            </i>
            <span>
              没有更多
            </span>
          </button>
        </div>
      </div>
    </div>
  </div>
</div>
`;
