// Jest Snapshot v1, https://goo.gl/fbAQLP

exports[`renders correctly 1`] = `
<span
  className="ant-calendar-picker"
  onBlur={[Function]}
  onFocus={[Function]}
  onMouseEnter={[Function]}
  onMouseLeave={[Function]}
  style={
    Object {
      "width": 305,
    }
  }
  tabIndex={0}
>
  <span
    className="ant-calendar-picker-input ant-input"
    onClick={[Function]}
    onKeyDown={[Function]}
    onMouseDown={[Function]}
    onTouchStart={[Function]}
  >
    <input
      className="ant-calendar-range-picker-input"
      placeholder="Start date"
      readOnly={true}
      tabIndex={-1}
      value="2018-08-09 00:00"
    />
    <span
      className="ant-calendar-range-picker-separator"
    >
       
      ~
       
    </span>
    <input
      className="ant-calendar-range-picker-input"
      placeholder="End date"
      readOnly={true}
      tabIndex={-1}
      value="2018-08-10 00:00"
    />
    <i
      aria-label="icon: calendar"
      className="anticon anticon-calendar ant-calendar-picker-icon"
    >
      <svg
        aria-hidden="true"
        className=""
        data-icon="calendar"
        fill="currentColor"
        focusable="false"
        height="1em"
        viewBox="64 64 896 896"
        width="1em"
      >
        <path
          d="M880 184H712v-64c0-4.4-3.6-8-8-8h-56c-4.4 0-8 3.6-8 8v64H384v-64c0-4.4-3.6-8-8-8h-56c-4.4 0-8 3.6-8 8v64H144c-17.7 0-32 14.3-32 32v664c0 17.7 14.3 32 32 32h736c17.7 0 32-14.3 32-32V216c0-17.7-14.3-32-32-32zm-40 656H184V460h656v380zM184 392V256h128v48c0 4.4 3.6 8 8 8h56c4.4 0 8-3.6 8-8v-48h256v48c0 4.4 3.6 8 8 8h56c4.4 0 8-3.6 8-8v-48h128v136H184z"
        />
      </svg>
    </i>
  </span>
</span>
`;
