// Jest Snapshot v1, https://goo.gl/fbAQLP

exports[`renders correctly 1`] = `
<div
  className="domain-detail-wrapper"
>
  <div
    className="icecream-breadcrumb"
  />
  <div
    className=""
  />
</div>
`;
