// Jest Snapshot v1, https://goo.gl/fbAQLP

exports[`renders correctly 1`] = `
<div
  className="comp-domain-hosting"
>
  <div
    className="icecream-breadcrumb"
  />
  <div
    className=""
  >
    <div
      className="domain-hosting-header"
    >
      <button
        className="ant-btn"
        disabled={false}
        onClick={[Function]}
        type="button"
      >
        <i
          aria-label="icon: plus"
          className="anticon anticon-plus"
        >
          <svg
            aria-hidden="true"
            className=""
            data-icon="plus"
            fill="currentColor"
            focusable="false"
            height="1em"
            viewBox="64 64 896 896"
            width="1em"
          >
            <path
              d="M482 152h60q8 0 8 8v704q0 8-8 8h-60q-8 0-8-8V160q0-8 8-8z"
            />
            <path
              d="M176 474h672q8 0 8 8v60q0 8-8 8H176q-8 0-8-8v-60q0-8 8-8z"
            />
          </svg>
        </i>
        <span>
          添加托管域名
        </span>
      </button>
      <i
        aria-label="icon: info-circle"
        className="anticon anticon-info-circle add-tip"
        onMouseEnter={[Function]}
        onMouseLeave={[Function]}
      >
        <svg
          aria-hidden="true"
          className=""
          data-icon="info-circle"
          fill="currentColor"
          focusable="false"
          height="1em"
          viewBox="64 64 896 896"
          width="1em"
        >
          <path
            d="M512 64C264.6 64 64 264.6 64 512s200.6 448 448 448 448-200.6 448-448S759.4 64 512 64zm0 820c-205.4 0-372-166.6-372-372s166.6-372 372-372 372 166.6 372 372-166.6 372-372 372z"
          />
          <path
            d="M464 336a48 48 0 1 0 96 0 48 48 0 1 0-96 0zm72 112h-48c-4.4 0-8 3.6-8 8v272c0 4.4 3.6 8 8 8h48c4.4 0 8-3.6 8-8V456c0-4.4-3.6-8-8-8z"
          />
        </svg>
      </i>
    </div>
    <div
      className="ant-table-wrapper domain-hosting-list"
    >
      <div
        className="ant-spin-nested-loading"
      >
        <div>
          <div
            className="ant-spin ant-spin-spinning ant-table-without-pagination ant-table-spin-holder"
          >
            <span
              className="ant-spin-dot ant-spin-dot-spin"
            >
              <i
                className="ant-spin-dot-item"
              />
              <i
                className="ant-spin-dot-item"
              />
              <i
                className="ant-spin-dot-item"
              />
              <i
                className="ant-spin-dot-item"
              />
            </span>
          </div>
        </div>
        <div
          className="ant-spin-container ant-spin-blur"
        >
          <div
            className="ant-table ant-table-default ant-table-empty ant-table-scroll-position-left"
            style={Object {}}
          >
            <div
              className="ant-table-content"
            >
              <div
                className="ant-table-body"
                onScroll={[Function]}
                onWheel={[Function]}
                style={Object {}}
              >
                <table
                  className=""
                  style={Object {}}
                >
                  <colgroup>
                    <col
                      style={
                        Object {
                          "minWidth": undefined,
                          "width": undefined,
                        }
                      }
                    />
                    <col
                      style={
                        Object {
                          "minWidth": undefined,
                          "width": undefined,
                        }
                      }
                    />
                    <col
                      style={
                        Object {
                          "minWidth": undefined,
                          "width": undefined,
                        }
                      }
                    />
                  </colgroup>
                  <thead
                    className="ant-table-thead"
                  >
                    <tr
                      style={
                        Object {
                          "height": null,
                        }
                      }
                    >
                      <th
                        className=""
                      >
                        <span
                          className="ant-table-header-column"
                        >
                          <div>
                            <span
                              className="ant-table-column-title"
                            >
                              域名
                            </span>
                            <span
                              className="ant-table-column-sorter"
                            />
                          </div>
                        </span>
                      </th>
                      <th
                        className=""
                      >
                        <span
                          className="ant-table-header-column"
                        >
                          <div>
                            <span
                              className="ant-table-column-title"
                            >
                              状态
                            </span>
                            <span
                              className="ant-table-column-sorter"
                            />
                          </div>
                        </span>
                      </th>
                      <th
                        className=""
                      >
                        <span
                          className="ant-table-header-column"
                        >
                          <div>
                            <span
                              className="ant-table-column-title"
                            >
                              操作
                            </span>
                            <span
                              className="ant-table-column-sorter"
                            />
                          </div>
                        </span>
                      </th>
                    </tr>
                  </thead>
                  <tbody
                    className="ant-table-tbody"
                  />
                </table>
              </div>
              <div
                className="ant-table-placeholder"
              >
                <div
                  className="ant-empty ant-empty-normal"
                >
                  <div
                    className="ant-empty-image"
                  >
                    <img
                      alt="No Data"
                      src="data:image/svg+xml;base64,PHN2ZyB3aWR0aD0iNjQiIGhlaWdodD0iNDEiIHZpZXdCb3g9IjAgMCA2NCA0MSIgIHhtbG5zPSJodHRwOi8vd3d3LnczLm9yZy8yMDAwL3N2ZyI+CiAgPGcgdHJhbnNmb3JtPSJ0cmFuc2xhdGUoMCAxKSIgZmlsbD0ibm9uZSIgZmlsbC1ydWxlPSJldmVub2RkIj4KICAgIDxlbGxpcHNlIGZpbGw9IiNGNUY1RjUiIGN4PSIzMiIgY3k9IjMzIiByeD0iMzIiIHJ5PSI3Ii8+CiAgICA8ZyBmaWxsLXJ1bGU9Im5vbnplcm8iIHN0cm9rZT0iI0Q5RDlEOSI+CiAgICAgIDxwYXRoIGQ9Ik01NSAxMi43Nkw0NC44NTQgMS4yNThDNDQuMzY3LjQ3NCA0My42NTYgMCA0Mi45MDcgMEgyMS4wOTNjLS43NDkgMC0xLjQ2LjQ3NC0xLjk0NyAxLjI1N0w5IDEyLjc2MVYyMmg0NnYtOS4yNHoiLz4KICAgICAgPHBhdGggZD0iTTQxLjYxMyAxNS45MzFjMC0xLjYwNS45OTQtMi45MyAyLjIyNy0yLjkzMUg1NXYxOC4xMzdDNTUgMzMuMjYgNTMuNjggMzUgNTIuMDUgMzVoLTQwLjFDMTAuMzIgMzUgOSAzMy4yNTkgOSAzMS4xMzdWMTNoMTEuMTZjMS4yMzMgMCAyLjIyNyAxLjMyMyAyLjIyNyAyLjkyOHYuMDIyYzAgMS42MDUgMS4wMDUgMi45MDEgMi4yMzcgMi45MDFoMTQuNzUyYzEuMjMyIDAgMi4yMzctMS4zMDggMi4yMzctMi45MTN2LS4wMDd6IiBmaWxsPSIjRkFGQUZBIi8+CiAgICA8L2c+CiAgPC9nPgo8L3N2Zz4K"
                    />
                  </div>
                  <p
                    className="ant-empty-description"
                  >
                    No Data
                  </p>
                </div>
              </div>
            </div>
          </div>
        </div>
      </div>
    </div>
    <div
      className="ant-spin-nested-loading"
    >
      <div>
        <div
          className="ant-spin ant-spin-spinning"
        >
          <span
            className="ant-spin-dot ant-spin-dot-spin"
          >
            <i
              className="ant-spin-dot-item"
            />
            <i
              className="ant-spin-dot-item"
            />
            <i
              className="ant-spin-dot-item"
            />
            <i
              className="ant-spin-dot-item"
            />
          </span>
        </div>
      </div>
      <div
        className="ant-spin-container ant-spin-blur"
      >
        <div
          className="domain-hosting-operation-tip"
        >
          <p
            className="domain-hosting-operation-tip-title"
          >
            域名托管操作索引：
          </p>
          <p
            className="domain-hosting-operation-tip-item"
          >
            场景一：若您的域名已托管在 DNSPod 平台，请将该域名的管理权授权给 ID：100005111910
          </p>
          <p
            className="domain-hosting-operation-tip-item"
          >
            场景二：若您的域名未添加至 DNSPod 请到您的域名购买处修改 DNS 服务器，并指向如下两个地址：f1g1ns1.dnspod.net、 f1g1ns2.dnspod.net
          </p>
          <p
            className="domain-hosting-operation-tip-remark"
          >
            注：配置一旦生效，请务必保持该授权持续有效，否则会影响到您客户的解析服务。
          </p>
        </div>
      </div>
    </div>
  </div>
</div>
`;
