// Jest Snapshot v1, https://goo.gl/fbAQLP

exports[`renders correctly 1`] = `
<div
  className="comp-log-manage-wrapper"
>
  <div
    className="icecream-breadcrumb"
  />
  <div
    className=""
  >
    <div
      className="notes"
    >
      <p>
        日志默认保留时间为 30 天，生成大概延迟 6 小时；
      </p>
      <p>
        如果日志文件过大，您可以参见
        <a
          href="https://developer.qiniu.com/article/fusion/api/log.html"
          rel="noopener"
          target="_blank"
        >
           API 文档下载日志
        </a>
        ；
      </p>
      <p>
        关于日志格式请参考
        <a
          href="https://support.qiniu.com/hc/kb/article/160890/"
          rel="noopener"
          target="_blank"
        >
           CDN日志格式简介 
        </a>
        。
      </p>
    </div>
    <div>
      <form
        className="ant-form ant-form-inline log-filter-wrapper"
        onSubmit={[Function]}
      >
        <div
          className="ant-row ant-form-item"
        >
          <div
            className="ant-col ant-form-item-label"
          >
            <label
              className="ant-form-item-no-colon"
              htmlFor={null}
              onClick={[Function]}
              title="选择日期"
            >
              选择日期
            </label>
          </div>
          <div
            className="ant-col ant-form-item-control-wrapper"
          >
            <div
              className="ant-form-item-control"
            >
              <span
                className="ant-form-item-children"
              >
                <span
                  className="ant-calendar-picker"
                  onBlur={[Function]}
                  onFocus={[Function]}
                  onMouseEnter={[Function]}
                  onMouseLeave={[Function]}
                  style={
                    Object {
                      "marginLeft": "8px",
                      "width": "240px",
                    }
                  }
                  tabIndex={0}
                >
                  <span
                    className="ant-calendar-picker-input ant-input"
                    onClick={[Function]}
                    onKeyDown={[Function]}
                    onMouseDown={[Function]}
                    onTouchStart={[Function]}
                  >
                    <input
                      className="ant-calendar-range-picker-input"
                      placeholder="Start date"
                      readOnly={true}
                      tabIndex={-1}
                      value="2018-02-01"
                    />
                    <span
                      className="ant-calendar-range-picker-separator"
                    >
                       
                      ~
                       
                    </span>
                    <input
                      className="ant-calendar-range-picker-input"
                      placeholder="End date"
                      readOnly={true}
                      tabIndex={-1}
                      value="2018-02-01"
                    />
                    <i
                      aria-label="icon: calendar"
                      className="anticon anticon-calendar ant-calendar-picker-icon"
                    >
                      <svg
                        aria-hidden="true"
                        className=""
                        data-icon="calendar"
                        fill="currentColor"
                        focusable="false"
                        height="1em"
                        viewBox="64 64 896 896"
                        width="1em"
                      >
                        <path
                          d="M880 184H712v-64c0-4.4-3.6-8-8-8h-56c-4.4 0-8 3.6-8 8v64H384v-64c0-4.4-3.6-8-8-8h-56c-4.4 0-8 3.6-8 8v64H144c-17.7 0-32 14.3-32 32v664c0 17.7 14.3 32 32 32h736c17.7 0 32-14.3 32-32V216c0-17.7-14.3-32-32-32zm-40 656H184V460h656v380zM184 392V256h128v48c0 4.4 3.6 8 8 8h56c4.4 0 8-3.6 8-8v-48h256v48c0 4.4 3.6 8 8 8h56c4.4 0 8-3.6 8-8v-48h128v136H184z"
                        />
                      </svg>
                    </i>
                  </span>
                </span>
              </span>
            </div>
          </div>
        </div>
        <div
          className="ant-row ant-form-item"
        >
          <div
            className="ant-col ant-form-item-label"
          >
            <label
              className="ant-form-item-no-colon"
              htmlFor={null}
              onClick={[Function]}
              title="选择域名"
            >
              选择域名
            </label>
          </div>
          <div
            className="ant-col ant-form-item-control-wrapper"
          >
            <div
              className="ant-form-item-control"
            >
              <span
                className="ant-form-item-children"
              >
                <div
                  style={
                    Object {
                      "marginLeft": "8px",
                    }
                  }
                >
                  <div
                    className="comp-domain-selector"
                  >
                    <span
                      className="ant-input-group ant-input-group-compact"
                    >
                      <div
                        className="comp-domain-selector"
                      >
                        <div
                          onClick={[Function]}
                          onMouseDown={[Function]}
                          onTouchStart={[Function]}
                        >
                          <div
                            className="ant-select ant-select-enabled ant-select-loading"
                            onBlur={[Function]}
                            onClick={[Function]}
                            onFocus={[Function]}
                            onMouseDown={[Function]}
                            onMouseOut={[Function]}
                            onMouseUp={[Function]}
                            onTouchStart={[Function]}
                            style={
                              Object {
                                "width": 200,
                              }
                            }
                          >
                            <div
                              aria-autocomplete="list"
                              aria-controls="test-uuid"
                              aria-expanded={false}
                              aria-haspopup="true"
                              className="ant-select-selection
            ant-select-selection--single"
                              onKeyDown={[Function]}
                              role="combobox"
                              tabIndex={0}
                            >
                              <div
                                className="ant-select-selection__rendered"
                              >
                                <div
                                  className="ant-select-selection-selected-value"
                                  style={
                                    Object {
                                      "display": "block",
                                      "opacity": 1,
                                    }
                                  }
                                  title="已选择全量域名"
                                >
                                  已选择全量域名
                                </div>
                              </div>
                              <span
                                className="ant-select-arrow"
                                onClick={[Function]}
                                style={
                                  Object {
                                    "WebkitUserSelect": "none",
                                    "userSelect": "none",
                                  }
                                }
                                unselectable="on"
                              >
                                <i
                                  aria-label="icon: loading"
                                  className="anticon anticon-loading"
                                >
                                  <svg
                                    aria-hidden="true"
                                    className="anticon-spin"
                                    data-icon="loading"
                                    fill="currentColor"
                                    focusable="false"
                                    height="1em"
                                    viewBox="0 0 1024 1024"
                                    width="1em"
                                  >
                                    <path
                                      d="M988 548c-19.9 0-36-16.1-36-36 0-59.4-11.6-117-34.6-171.3a440.45 440.45 0 0 0-94.3-139.9 437.71 437.71 0 0 0-139.9-94.3C629 83.6 571.4 72 512 72c-19.9 0-36-16.1-36-36s16.1-36 36-36c69.1 0 136.2 13.5 199.3 40.3C772.3 66 827 103 874 150c47 47 83.9 101.8 109.7 162.7 26.7 63.1 40.2 130.2 40.2 199.3.1 19.9-16 36-35.9 36z"
                                    />
                                  </svg>
                                </i>
                              </span>
                            </div>
                          </div>
                        </div>
                      </div>
                    </span>
                  </div>
                </div>
              </span>
            </div>
          </div>
        </div>
        <div
          className="ant-row ant-form-item"
        >
          <div
            className="ant-col ant-form-item-control-wrapper"
          >
            <div
              className="ant-form-item-control"
            >
              <span
                className="ant-form-item-children"
              >
                <button
                  className="ant-btn ant-btn-primary"
                  onClick={[Function]}
                  style={
                    Object {
                      "marginLeft": "24px",
                    }
                  }
                  type="button"
                >
                  <span>
                    搜索
                  </span>
                </button>
              </span>
            </div>
          </div>
        </div>
      </form>
    </div>
    <div
      className="ant-table-wrapper log-list"
    >
      <div
        className="ant-spin-nested-loading"
      >
        <div
          className="ant-spin-container"
        >
          <div
            className="ant-table ant-table-default ant-table-empty ant-table-scroll-position-left"
            style={Object {}}
          >
            <div
              className="ant-table-content"
            >
              <div
                className="ant-table-body"
                onScroll={[Function]}
                onWheel={[Function]}
                style={Object {}}
              >
                <table
                  className=""
                  style={Object {}}
                >
                  <colgroup>
                    <col
                      style={
                        Object {
                          "minWidth": undefined,
                          "width": undefined,
                        }
                      }
                    />
                    <col
                      style={
                        Object {
                          "minWidth": undefined,
                          "width": undefined,
                        }
                      }
                    />
                    <col
                      style={
                        Object {
                          "minWidth": undefined,
                          "width": undefined,
                        }
                      }
                    />
                    <col
                      style={
                        Object {
                          "minWidth": undefined,
                          "width": undefined,
                        }
                      }
                    />
                    <col
                      style={
                        Object {
                          "minWidth": undefined,
                          "width": undefined,
                        }
                      }
                    />
                  </colgroup>
                  <thead
                    className="ant-table-thead"
                  >
                    <tr
                      style={
                        Object {
                          "height": null,
                        }
                      }
                    >
                      <th
                        className=""
                      >
                        <span
                          className="ant-table-header-column"
                        >
                          <div>
                            <span
                              className="ant-table-column-title"
                            >
                              域名任务
                            </span>
                            <span
                              className="ant-table-column-sorter"
                            />
                          </div>
                        </span>
                      </th>
                      <th
                        className=""
                      >
                        <span
                          className="ant-table-header-column"
                        >
                          <div>
                            <span
                              className="ant-table-column-title"
                            >
                              日志时间
                            </span>
                            <span
                              className="ant-table-column-sorter"
                            />
                          </div>
                        </span>
                      </th>
                      <th
                        className=""
                      >
                        <span
                          className="ant-table-header-column"
                        >
                          <div>
                            <span
                              className="ant-table-column-title"
                            >
                              文件大小
                            </span>
                            <span
                              className="ant-table-column-sorter"
                            />
                          </div>
                        </span>
                      </th>
                      <th
                        className=""
                      >
                        <span
                          className="ant-table-header-column"
                        >
                          <div>
                            <span
                              className="ant-table-column-title"
                            >
                              状态
                            </span>
                            <span
                              className="ant-table-column-sorter"
                            />
                          </div>
                        </span>
                      </th>
                      <th
                        className="log-opreate"
                      >
                        <span
                          className="ant-table-header-column"
                        >
                          <div>
                            <span
                              className="ant-table-column-title"
                            >
                              下载日志
                            </span>
                            <span
                              className="ant-table-column-sorter"
                            />
                          </div>
                        </span>
                      </th>
                    </tr>
                  </thead>
                  <tbody
                    className="ant-table-tbody"
                  />
                </table>
              </div>
              <div
                className="ant-table-placeholder"
              >
                <div
                  className="ant-empty ant-empty-normal"
                >
                  <div
                    className="ant-empty-image"
                  >
                    <img
                      alt="No Data"
                      src="data:image/svg+xml;base64,PHN2ZyB3aWR0aD0iNjQiIGhlaWdodD0iNDEiIHZpZXdCb3g9IjAgMCA2NCA0MSIgIHhtbG5zPSJodHRwOi8vd3d3LnczLm9yZy8yMDAwL3N2ZyI+CiAgPGcgdHJhbnNmb3JtPSJ0cmFuc2xhdGUoMCAxKSIgZmlsbD0ibm9uZSIgZmlsbC1ydWxlPSJldmVub2RkIj4KICAgIDxlbGxpcHNlIGZpbGw9IiNGNUY1RjUiIGN4PSIzMiIgY3k9IjMzIiByeD0iMzIiIHJ5PSI3Ii8+CiAgICA8ZyBmaWxsLXJ1bGU9Im5vbnplcm8iIHN0cm9rZT0iI0Q5RDlEOSI+CiAgICAgIDxwYXRoIGQ9Ik01NSAxMi43Nkw0NC44NTQgMS4yNThDNDQuMzY3LjQ3NCA0My42NTYgMCA0Mi45MDcgMEgyMS4wOTNjLS43NDkgMC0xLjQ2LjQ3NC0xLjk0NyAxLjI1N0w5IDEyLjc2MVYyMmg0NnYtOS4yNHoiLz4KICAgICAgPHBhdGggZD0iTTQxLjYxMyAxNS45MzFjMC0xLjYwNS45OTQtMi45MyAyLjIyNy0yLjkzMUg1NXYxOC4xMzdDNTUgMzMuMjYgNTMuNjggMzUgNTIuMDUgMzVoLTQwLjFDMTAuMzIgMzUgOSAzMy4yNTkgOSAzMS4xMzdWMTNoMTEuMTZjMS4yMzMgMCAyLjIyNyAxLjMyMyAyLjIyNyAyLjkyOHYuMDIyYzAgMS42MDUgMS4wMDUgMi45MDEgMi4yMzcgMi45MDFoMTQuNzUyYzEuMjMyIDAgMi4yMzctMS4zMDggMi4yMzctMi45MTN2LS4wMDd6IiBmaWxsPSIjRkFGQUZBIi8+CiAgICA8L2c+CiAgPC9nPgo8L3N2Zz4K"
                    />
                  </div>
                  <p
                    className="ant-empty-description"
                  >
                    No Data
                  </p>
                </div>
              </div>
            </div>
          </div>
        </div>
      </div>
    </div>
  </div>
</div>
`;
