// Jest Snapshot v1, https://goo.gl/fbAQLP

exports[`renders correctly with panel 1`] = `
<div
  className="ant-collapse ant-collapse-borderless ant-collapse-icon-position-left qas-prime-collapse"
  role={null}
>
  <div
    className="ant-collapse-item qas-prime-collapse-panel"
  >
    <div
      aria-expanded="false"
      className="ant-collapse-header"
      onClick={[Function]}
      onKeyPress={[Function]}
      role="button"
      tabIndex={0}
    >
      <div
        className="qas-prime-panel-header"
      >
        <span
          className="panel-header-title"
        >
          test panel 1
        </span>
        <span
          className="panel-header-collapse"
        >
          收起
          <i
            aria-label="icon: down"
            className="anticon anticon-down"
          >
            <svg
              aria-hidden="true"
              className=""
              data-icon="down"
              fill="currentColor"
              focusable="false"
              height="1em"
              viewBox="64 64 896 896"
              width="1em"
            >
              <path
                d="M884 256h-75c-5.1 0-9.9 2.5-12.9 6.6L512 654.2 227.9 262.6c-3-4.1-7.8-6.6-12.9-6.6h-75c-6.5 0-10.3 7.4-6.5 12.7l352.6 486.1c12.8 17.6 39 17.6 51.7 0l352.6-486.1c3.9-5.3.1-12.7-6.4-12.7z"
              />
            </svg>
          </i>
        </span>
      </div>
    </div>
  </div>
  <div
    className="ant-collapse-item qas-prime-collapse-panel"
  >
    <div
      aria-expanded="false"
      className="ant-collapse-header"
      onClick={[Function]}
      onKeyPress={[Function]}
      role="button"
      tabIndex={0}
    >
      <div
        className="qas-prime-panel-header"
      >
        <span
          className="panel-header-title"
        >
          test panel 2
        </span>
        <span
          className="panel-header-collapse"
        >
          收起
          <i
            aria-label="icon: down"
            className="anticon anticon-down"
          >
            <svg
              aria-hidden="true"
              className=""
              data-icon="down"
              fill="currentColor"
              focusable="false"
              height="1em"
              viewBox="64 64 896 896"
              width="1em"
            >
              <path
                d="M884 256h-75c-5.1 0-9.9 2.5-12.9 6.6L512 654.2 227.9 262.6c-3-4.1-7.8-6.6-12.9-6.6h-75c-6.5 0-10.3 7.4-6.5 12.7l352.6 486.1c12.8 17.6 39 17.6 51.7 0l352.6-486.1c3.9-5.3.1-12.7-6.4-12.7z"
              />
            </svg>
          </i>
        </span>
      </div>
    </div>
  </div>
</div>
`;

exports[`renders correctly without panel 1`] = `
<div
  className="ant-collapse ant-collapse-borderless ant-collapse-icon-position-left qas-prime-collapse"
  role={null}
/>
`;
