// Jest Snapshot v1, https://goo.gl/fbAQLP

exports[`renders correctly 1`] = `
<div
  className="side-modal-wrapper side-modal-wrapper-visible"
  style={
    Object {
      "opacity": 1,
      "top": "0px",
      "transition": "opacity 300ms ease-in-out",
      "zIndex": 10,
    }
  }
>
  <div
    className="side-modal-mask"
    onClick={[Function]}
  />
  <div
    className="side-modal-container"
    style={
      Object {
        "transform": "translateX(0%)",
        "transition": "transform 300ms ease-in-out",
        "width": "50%",
      }
    }
  >
    <div
      className="side-modal-header"
    >
      
      <span
        className="side-modal-close"
      >
        <i
          aria-label="icon: close"
          className="anticon anticon-close"
        >
          <svg
            aria-hidden="true"
            className=""
            data-icon="close"
            fill="currentColor"
            focusable="false"
            height="1em"
            viewBox="64 64 896 896"
            width="1em"
          >
            <path
              d="M563.8 512l262.5-312.9c4.4-5.2.7-13.1-6.1-13.1h-79.8c-4.7 0-9.2 2.1-12.3 5.7L511.6 449.8 295.1 191.7c-3-3.6-7.5-5.7-12.3-5.7H203c-6.8 0-10.5 7.9-6.1 13.1L459.4 512 196.9 824.9A7.95 7.95 0 0 0 203 838h79.8c4.7 0 9.2-2.1 12.3-5.7l216.5-258.1 216.5 258.1c3 3.6 7.5 5.7 12.3 5.7h79.8c6.8 0 10.5-7.9 6.1-13.1L563.8 512z"
            />
          </svg>
        </i>
      </span>
    </div>
    <div
      className="side-modal-body"
    >
      <div
        style={
          Object {
            "position": "relative",
          }
        }
      >
        <div>
          foo
        </div>
      </div>
    </div>
    <div
      className="side-modal-footer"
    >
      <button
        className="ant-btn"
        onClick={[Function]}
        type="button"
      >
        <span>
          取消
        </span>
      </button>
      <button
        className="ant-btn ant-btn-primary"
        onClick={[Function]}
        type="button"
      >
        <span>
          确认
        </span>
      </button>
    </div>
  </div>
</div>
`;

exports[`renders correctly with visible: false 1`] = `null`;
