// Jest Snapshot v1, https://goo.gl/fbAQLP

exports[`renders correctly 1`] = `
<div
  className="comp-page-wrapper"
>
  <div
    className="comp-breadcrumb-wrapper"
  >
    <div
      className="icecream-breadcrumb"
    />
  </div>
  <div
    className=""
  >
    <div
      className="comp-page-content"
    >
      <div
        className="comp-cert-confirm"
      >
        <div
          className="confirm-content-wrapper"
        >
          <div
            className="clearfix"
          >
            <div
              className="ant-col-7 step-block"
            >
              <div
                className="step-index"
              >
                1
              </div>
              <div
                className="step-name"
              >
                下载确认函
              </div>
              <div
                className="step-desc"
              >
                <div
                  className="step-desc-text"
                >
                  若您还没有公司信息确认函模板，请先点击下载。
                </div>
                <button
                  className="ant-btn ant-btn-link"
                  onClick={[Function]}
                  type="button"
                >
                  <span>
                    下载确认函
                  </span>
                </button>
              </div>
            </div>
            <div
              className="ant-col-7 ant-col-offset-1 step-block"
            >
              <div
                className="step-index"
              >
                2
              </div>
              <div
                className="step-name"
              >
                填写并盖章
              </div>
              <div
                className="step-desc"
              >
                <div
                  className="step-desc-text"
                >
                  下载完成后，请正确填写公司信息确认函并加盖两处公章（骑缝章＋末尾盖章），再将扫描件在⎡SSL证书服务－我的订单－上传确认函⎦上传提交审核。
                </div>
              </div>
            </div>
            <div
              className="ant-col-7 ant-col-offset-1 step-block"
            >
              <div
                className="step-index"
              >
                3
              </div>
              <div
                className="step-name"
              >
                上传确认函
              </div>
              <div
                className="step-desc"
              >
                <div
                  className="step-desc-text"
                >
                  点击上传扫描件，上传完成后请联系人（授权代表）保持联系方式畅通以方便后续信息审核工作。
                </div>
                <button
                  className="ant-btn ant-btn-link"
                  onClick={[Function]}
                  type="button"
                >
                  <span>
                    上传确认函
                  </span>
                </button>
              </div>
            </div>
          </div>
          <hr
            className="split-line"
          />
          <div
            className="footer-submit"
          >
            <button
              className="ant-btn ant-btn-primary ant-btn-lg"
              onClick={[Function]}
              type="button"
            >
              <span>
                完成
              </span>
            </button>
          </div>
        </div>
      </div>
    </div>
  </div>
</div>
`;
