// Jest Snapshot v1, https://goo.gl/fbAQLP

exports[`renders correctly 1`] = `
<form
  className="ant-form ant-form-horizontal"
  onSubmit={[Function]}
>
  <div
    className="ant-row ant-form-item ssl-upload"
  >
    <div
      className="ant-col ant-form-item-control-wrapper"
    >
      <div
        className="ant-form-item-control"
      >
        <span
          className="ant-form-item-children"
        >
          <button
            className="ant-btn upload-btn"
            onClick={[Function]}
            type="button"
          >
            <i
              aria-label="icon: plus"
              className="anticon anticon-plus"
            >
              <svg
                aria-hidden="true"
                className=""
                data-icon="plus"
                fill="currentColor"
                focusable="false"
                height="1em"
                viewBox="64 64 896 896"
                width="1em"
              >
                <path
                  d="M482 152h60q8 0 8 8v704q0 8-8 8h-60q-8 0-8-8V160q0-8 8-8z"
                />
                <path
                  d="M176 474h672q8 0 8 8v60q0 8-8 8H176q-8 0-8-8v-60q0-8 8-8z"
                />
              </svg>
            </i>
            <span>
              选择文件
            </span>
            <input
              accept="image/*, application/pdf, application/zip"
              className="ant-input upload-input"
              disabled={false}
              id="file_data"
              multiple={true}
              name="file_data"
              onChange={[Function]}
              onKeyDown={[Function]}
              type="file"
              value=""
            />
          </button>
          <div
            className="file-name"
          />
          <p
            className="upload-notice"
          >
            不支持多文件上传，如果有多个文件，请压缩成一个文件后再上传。
          </p>
          <hr
            className="split-line sub-split-line"
          />
          <p
            className="help"
          >
            1. 上传文件类型可以是zip、jpg、jpeg、png、gif、tiff、pdf，单个文件大小不得大于5MB。
            <br />
            2. 请正确填写公司信息确认函并加盖两处公章(骑缝章＋末尾盖章)，再将扫描件上传提交进行人工审核。
            <br />
            3. 上传后请联系人保持联系方式(手机、邮箱)畅通以方便后续信息审核工作。
            <br />
          </p>
        </span>
      </div>
    </div>
  </div>
  <hr
    className="split-line sub-split-line"
  />
  <div
    className="footer-right"
  >
    <button
      className="ant-btn ant-btn-primary"
      disabled={true}
      onClick={[Function]}
      type="button"
    >
      <span>
        确定上传
      </span>
    </button>
    <button
      className="ant-btn"
      onClick={[Function]}
      type="button"
    >
      <span>
        取消
      </span>
    </button>
  </div>
</form>
`;
