// Jest Snapshot v1, https://goo.gl/fbAQLP

exports[`renders order correctly 1`] = `
<div
  className="comp-page-wrapper"
>
  <div
    className="comp-breadcrumb-wrapper"
  >
    <div
      className="icecream-breadcrumb"
    />
    <div
      className="breadcrumb-side-items"
    >
      <a
        href="https://developer.qiniu.com/ssl"
        rel="noopener"
        target="_blank"
      >
        产品文档
      </a>
    </div>
  </div>
  <div
    className=""
  >
    <div
      className="comp-page-content"
    >
      <div
        className="comp-cert-list"
      >
        <div
          className="list-content-wrapper"
        >
          <div
            className="cert-action"
          >
            <button
              className="ant-btn ant-btn-primary"
              onClick={[Function]}
              type="button"
            >
              <span>
                购买证书
              </span>
            </button>
            <button
              className="ant-btn"
              onClick={[Function]}
              type="button"
            >
              <span>
                上传自有证书
              </span>
            </button>
          </div>
          <div
            className="ant-tabs ant-tabs-top ant-tabs-line ant-tabs-no-animation"
            onScroll={[Function]}
            style={Object {}}
          >
            <div
              onKeyDown={[Function]}
              role="presentation"
              style={
                Object {
                  "height": 0,
                  "overflow": "hidden",
                  "position": "absolute",
                  "width": 0,
                }
              }
              tabIndex={0}
            />
            <div
              className="ant-tabs-content ant-tabs-content-no-animated ant-tabs-top-content"
            >
              <div
                aria-hidden="false"
                className="ant-tabs-tabpane ant-tabs-tabpane-active"
                role="tabpanel"
              >
                <div
                  onKeyDown={[Function]}
                  role="presentation"
                  style={
                    Object {
                      "height": 0,
                      "overflow": "hidden",
                      "position": "absolute",
                      "width": 0,
                    }
                  }
                  tabIndex={0}
                />
                <form
                  className="ant-form ant-form-inline search-wrapper"
                  onSubmit={[Function]}
                >
                  <div
                    className="ant-row ant-form-item"
                  >
                    <div
                      className="ant-col ant-form-item-label"
                    >
                      <label
                        className=""
                        htmlFor={null}
                        onClick={[Function]}
                        title="订单状态"
                      >
                        订单状态
                      </label>
                    </div>
                    <div
                      className="ant-col ant-form-item-control-wrapper"
                    >
                      <div
                        className="ant-form-item-control"
                      >
                        <span
                          className="ant-form-item-children"
                        >
                          <div
                            className="ant-select ant-select-enabled"
                            onBlur={[Function]}
                            onClick={[Function]}
                            onFocus={[Function]}
                            onMouseDown={[Function]}
                            onMouseOut={[Function]}
                            onMouseUp={[Function]}
                            onTouchStart={[Function]}
                            style={
                              Object {
                                "width": 160,
                              }
                            }
                          >
                            <div
                              aria-autocomplete="list"
                              aria-controls="test-uuid"
                              aria-expanded={false}
                              aria-haspopup="true"
                              className="ant-select-selection
            ant-select-selection--single"
                              onKeyDown={[Function]}
                              role="combobox"
                              tabIndex={0}
                            >
                              <div
                                className="ant-select-selection__rendered"
                              >
                                <div
                                  className="ant-select-selection-selected-value"
                                  style={
                                    Object {
                                      "display": "block",
                                      "opacity": 1,
                                    }
                                  }
                                  title="全部"
                                >
                                  全部
                                </div>
                              </div>
                              <span
                                className="ant-select-arrow"
                                onClick={[Function]}
                                style={
                                  Object {
                                    "WebkitUserSelect": "none",
                                    "userSelect": "none",
                                  }
                                }
                                unselectable="on"
                              >
                                <i
                                  aria-label="icon: down"
                                  className="anticon anticon-down ant-select-arrow-icon"
                                >
                                  <svg
                                    aria-hidden="true"
                                    className=""
                                    data-icon="down"
                                    fill="currentColor"
                                    focusable="false"
                                    height="1em"
                                    viewBox="64 64 896 896"
                                    width="1em"
                                  >
                                    <path
                                      d="M884 256h-75c-5.1 0-9.9 2.5-12.9 6.6L512 654.2 227.9 262.6c-3-4.1-7.8-6.6-12.9-6.6h-75c-6.5 0-10.3 7.4-6.5 12.7l352.6 486.1c12.8 17.6 39 17.6 51.7 0l352.6-486.1c3.9-5.3.1-12.7-6.4-12.7z"
                                    />
                                  </svg>
                                </i>
                              </span>
                            </div>
                          </div>
                        </span>
                      </div>
                    </div>
                  </div>
                  <div
                    className="ant-row ant-form-item"
                  >
                    <div
                      className="ant-col ant-form-item-label"
                    >
                      <label
                        className=""
                        htmlFor={null}
                        onClick={[Function]}
                        title="证书类型"
                      >
                        证书类型
                      </label>
                    </div>
                    <div
                      className="ant-col ant-form-item-control-wrapper"
                    >
                      <div
                        className="ant-form-item-control"
                      >
                        <span
                          className="ant-form-item-children"
                        >
                          <div
                            className="ant-select ant-select-enabled"
                            onBlur={[Function]}
                            onClick={[Function]}
                            onFocus={[Function]}
                            onMouseDown={[Function]}
                            onMouseOut={[Function]}
                            onMouseUp={[Function]}
                            onTouchStart={[Function]}
                            style={
                              Object {
                                "width": 180,
                              }
                            }
                          >
                            <div
                              aria-autocomplete="list"
                              aria-controls="test-uuid"
                              aria-expanded={false}
                              aria-haspopup="true"
                              className="ant-select-selection
            ant-select-selection--single"
                              onKeyDown={[Function]}
                              role="combobox"
                              tabIndex={0}
                            >
                              <div
                                className="ant-select-selection__rendered"
                              >
                                <div
                                  className="ant-select-selection-selected-value"
                                  style={
                                    Object {
                                      "display": "block",
                                      "opacity": 1,
                                    }
                                  }
                                  title="全部"
                                >
                                  全部
                                </div>
                              </div>
                              <span
                                className="ant-select-arrow"
                                onClick={[Function]}
                                style={
                                  Object {
                                    "WebkitUserSelect": "none",
                                    "userSelect": "none",
                                  }
                                }
                                unselectable="on"
                              >
                                <i
                                  aria-label="icon: down"
                                  className="anticon anticon-down ant-select-arrow-icon"
                                >
                                  <svg
                                    aria-hidden="true"
                                    className=""
                                    data-icon="down"
                                    fill="currentColor"
                                    focusable="false"
                                    height="1em"
                                    viewBox="64 64 896 896"
                                    width="1em"
                                  >
                                    <path
                                      d="M884 256h-75c-5.1 0-9.9 2.5-12.9 6.6L512 654.2 227.9 262.6c-3-4.1-7.8-6.6-12.9-6.6h-75c-6.5 0-10.3 7.4-6.5 12.7l352.6 486.1c12.8 17.6 39 17.6 51.7 0l352.6-486.1c3.9-5.3.1-12.7-6.4-12.7z"
                                    />
                                  </svg>
                                </i>
                              </span>
                            </div>
                          </div>
                        </span>
                      </div>
                    </div>
                  </div>
                  <div
                    className="ant-row ant-form-item"
                  >
                    <div
                      className="ant-col ant-form-item-label"
                    >
                      <label
                        className=""
                        htmlFor={null}
                        onClick={[Function]}
                        title="创建时间"
                      >
                        创建时间
                      </label>
                    </div>
                    <div
                      className="ant-col ant-form-item-control-wrapper"
                    >
                      <div
                        className="ant-form-item-control"
                      >
                        <span
                          className="ant-form-item-children"
                        >
                          <span
                            className="ant-calendar-picker"
                            onBlur={[Function]}
                            onFocus={[Function]}
                            onMouseEnter={[Function]}
                            onMouseLeave={[Function]}
                            style={
                              Object {
                                "width": 305,
                              }
                            }
                            tabIndex={0}
                          >
                            <span
                              className="ant-calendar-picker-input ant-input"
                              onClick={[Function]}
                              onKeyDown={[Function]}
                              onMouseDown={[Function]}
                              onTouchStart={[Function]}
                            >
                              <input
                                className="ant-calendar-range-picker-input"
                                placeholder="Start date"
                                readOnly={true}
                                tabIndex={-1}
                                value=""
                              />
                              <span
                                className="ant-calendar-range-picker-separator"
                              >
                                 
                                ~
                                 
                              </span>
                              <input
                                className="ant-calendar-range-picker-input"
                                placeholder="End date"
                                readOnly={true}
                                tabIndex={-1}
                                value=""
                              />
                              <i
                                aria-label="icon: calendar"
                                className="anticon anticon-calendar ant-calendar-picker-icon"
                              >
                                <svg
                                  aria-hidden="true"
                                  className=""
                                  data-icon="calendar"
                                  fill="currentColor"
                                  focusable="false"
                                  height="1em"
                                  viewBox="64 64 896 896"
                                  width="1em"
                                >
                                  <path
                                    d="M880 184H712v-64c0-4.4-3.6-8-8-8h-56c-4.4 0-8 3.6-8 8v64H384v-64c0-4.4-3.6-8-8-8h-56c-4.4 0-8 3.6-8 8v64H144c-17.7 0-32 14.3-32 32v664c0 17.7 14.3 32 32 32h736c17.7 0 32-14.3 32-32V216c0-17.7-14.3-32-32-32zm-40 656H184V460h656v380zM184 392V256h128v48c0 4.4 3.6 8 8 8h56c4.4 0 8-3.6 8-8v-48h256v48c0 4.4 3.6 8 8 8h56c4.4 0 8-3.6 8-8v-48h128v136H184z"
                                  />
                                </svg>
                              </i>
                            </span>
                          </span>
                        </span>
                      </div>
                    </div>
                  </div>
                  <div
                    className="ant-row ant-form-item"
                  >
                    <div
                      className="ant-col ant-form-item-label"
                    >
                      <label
                        className=""
                        htmlFor={null}
                        onClick={[Function]}
                        title="关键字"
                      >
                        关键字
                      </label>
                    </div>
                    <div
                      className="ant-col ant-form-item-control-wrapper"
                    >
                      <div
                        className="ant-form-item-control"
                      >
                        <span
                          className="ant-form-item-children"
                        >
                          <input
                            className="ant-input"
                            disabled={false}
                            onChange={[Function]}
                            onKeyDown={[Function]}
                            placeholder="请输入关键字"
                            type="text"
                            value=""
                          />
                        </span>
                      </div>
                    </div>
                  </div>
                  <div
                    className="ant-row ant-form-item"
                  >
                    <div
                      className="ant-col ant-form-item-control-wrapper"
                    >
                      <div
                        className="ant-form-item-control"
                      >
                        <span
                          className="ant-form-item-children"
                        >
                          <button
                            className="ant-btn ant-btn-primary"
                            onClick={[Function]}
                            type="button"
                          >
                            <span>
                              查询
                            </span>
                          </button>
                        </span>
                      </div>
                    </div>
                  </div>
                </form>
                <div
                  className="ant-table-wrapper"
                >
                  <div
                    className="ant-spin-nested-loading"
                  >
                    <div>
                      <div
                        className="ant-spin ant-spin-spinning ant-table-without-pagination ant-table-spin-holder"
                      >
                        <span
                          className="ant-spin-dot ant-spin-dot-spin"
                        >
                          <i
                            className="ant-spin-dot-item"
                          />
                          <i
                            className="ant-spin-dot-item"
                          />
                          <i
                            className="ant-spin-dot-item"
                          />
                          <i
                            className="ant-spin-dot-item"
                          />
                        </span>
                      </div>
                    </div>
                    <div
                      className="ant-spin-container ant-spin-blur"
                    >
                      <div
                        className="ant-table ant-table-default ant-table-empty ant-table-scroll-position-left"
                        style={Object {}}
                      >
                        <div
                          className="ant-table-content"
                        >
                          <div
                            className="ant-table-body"
                            onScroll={[Function]}
                            onWheel={[Function]}
                            style={Object {}}
                          >
                            <table
                              className=""
                              style={Object {}}
                            >
                              <colgroup>
                                <col
                                  style={
                                    Object {
                                      "minWidth": undefined,
                                      "width": undefined,
                                    }
                                  }
                                />
                                <col
                                  style={
                                    Object {
                                      "minWidth": undefined,
                                      "width": undefined,
                                    }
                                  }
                                />
                                <col
                                  style={
                                    Object {
                                      "minWidth": undefined,
                                      "width": undefined,
                                    }
                                  }
                                />
                                <col
                                  style={
                                    Object {
                                      "minWidth": undefined,
                                      "width": undefined,
                                    }
                                  }
                                />
                                <col
                                  style={
                                    Object {
                                      "minWidth": undefined,
                                      "width": undefined,
                                    }
                                  }
                                />
                                <col
                                  style={
                                    Object {
                                      "minWidth": undefined,
                                      "width": undefined,
                                    }
                                  }
                                />
                                <col
                                  style={
                                    Object {
                                      "minWidth": undefined,
                                      "width": undefined,
                                    }
                                  }
                                />
                                <col
                                  style={
                                    Object {
                                      "minWidth": undefined,
                                      "width": undefined,
                                    }
                                  }
                                />
                              </colgroup>
                              <thead
                                className="ant-table-thead"
                              >
                                <tr
                                  style={
                                    Object {
                                      "height": null,
                                    }
                                  }
                                >
                                  <th
                                    className=""
                                  >
                                    <span
                                      className="ant-table-header-column"
                                    >
                                      <div>
                                        <span
                                          className="ant-table-column-title"
                                        >
                                          订单号
                                        </span>
                                        <span
                                          className="ant-table-column-sorter"
                                        />
                                      </div>
                                    </span>
                                  </th>
                                  <th
                                    className=""
                                  >
                                    <span
                                      className="ant-table-header-column"
                                    >
                                      <div>
                                        <span
                                          className="ant-table-column-title"
                                        >
                                          订单时间
                                        </span>
                                        <span
                                          className="ant-table-column-sorter"
                                        />
                                      </div>
                                    </span>
                                  </th>
                                  <th
                                    className=""
                                  >
                                    <span
                                      className="ant-table-header-column"
                                    >
                                      <div>
                                        <span
                                          className="ant-table-column-title"
                                        >
                                          修改时间
                                        </span>
                                        <span
                                          className="ant-table-column-sorter"
                                        />
                                      </div>
                                    </span>
                                  </th>
                                  <th
                                    className=""
                                  >
                                    <span
                                      className="ant-table-header-column"
                                    >
                                      <div>
                                        <span
                                          className="ant-table-column-title"
                                        >
                                          证书通用名称
                                        </span>
                                        <span
                                          className="ant-table-column-sorter"
                                        />
                                      </div>
                                    </span>
                                  </th>
                                  <th
                                    className=""
                                  >
                                    <span
                                      className="ant-table-header-column"
                                    >
                                      <div>
                                        <span
                                          className="ant-table-column-title"
                                        >
                                          证书备注名
                                        </span>
                                        <span
                                          className="ant-table-column-sorter"
                                        />
                                      </div>
                                    </span>
                                  </th>
                                  <th
                                    className=""
                                  >
                                    <span
                                      className="ant-table-header-column"
                                    >
                                      <div>
                                        <span
                                          className="ant-table-column-title"
                                        >
                                          证书品牌
                                        </span>
                                        <span
                                          className="ant-table-column-sorter"
                                        />
                                      </div>
                                    </span>
                                  </th>
                                  <th
                                    className=""
                                  >
                                    <span
                                      className="ant-table-header-column"
                                    >
                                      <div>
                                        <span
                                          className="ant-table-column-title"
                                        >
                                          订单状态
                                        </span>
                                        <span
                                          className="ant-table-column-sorter"
                                        />
                                      </div>
                                    </span>
                                  </th>
                                  <th
                                    className=""
                                  >
                                    <span
                                      className="ant-table-header-column"
                                    >
                                      <div>
                                        <span
                                          className="ant-table-column-title"
                                        >
                                          操作
                                        </span>
                                        <span
                                          className="ant-table-column-sorter"
                                        />
                                      </div>
                                    </span>
                                  </th>
                                </tr>
                              </thead>
                              <tbody
                                className="ant-table-tbody"
                              />
                            </table>
                          </div>
                          <div
                            className="ant-table-placeholder"
                          >
                            <div
                              className="ant-empty ant-empty-normal"
                            >
                              <div
                                className="ant-empty-image"
                              >
                                <img
                                  alt="No Data"
                                  src="data:image/svg+xml;base64,PHN2ZyB3aWR0aD0iNjQiIGhlaWdodD0iNDEiIHZpZXdCb3g9IjAgMCA2NCA0MSIgIHhtbG5zPSJodHRwOi8vd3d3LnczLm9yZy8yMDAwL3N2ZyI+CiAgPGcgdHJhbnNmb3JtPSJ0cmFuc2xhdGUoMCAxKSIgZmlsbD0ibm9uZSIgZmlsbC1ydWxlPSJldmVub2RkIj4KICAgIDxlbGxpcHNlIGZpbGw9IiNGNUY1RjUiIGN4PSIzMiIgY3k9IjMzIiByeD0iMzIiIHJ5PSI3Ii8+CiAgICA8ZyBmaWxsLXJ1bGU9Im5vbnplcm8iIHN0cm9rZT0iI0Q5RDlEOSI+CiAgICAgIDxwYXRoIGQ9Ik01NSAxMi43Nkw0NC44NTQgMS4yNThDNDQuMzY3LjQ3NCA0My42NTYgMCA0Mi45MDcgMEgyMS4wOTNjLS43NDkgMC0xLjQ2LjQ3NC0xLjk0NyAxLjI1N0w5IDEyLjc2MVYyMmg0NnYtOS4yNHoiLz4KICAgICAgPHBhdGggZD0iTTQxLjYxMyAxNS45MzFjMC0xLjYwNS45OTQtMi45MyAyLjIyNy0yLjkzMUg1NXYxOC4xMzdDNTUgMzMuMjYgNTMuNjggMzUgNTIuMDUgMzVoLTQwLjFDMTAuMzIgMzUgOSAzMy4yNTkgOSAzMS4xMzdWMTNoMTEuMTZjMS4yMzMgMCAyLjIyNyAxLjMyMyAyLjIyNyAyLjkyOHYuMDIyYzAgMS42MDUgMS4wMDUgMi45MDEgMi4yMzcgMi45MDFoMTQuNzUyYzEuMjMyIDAgMi4yMzctMS4zMDggMi4yMzctMi45MTN2LS4wMDd6IiBmaWxsPSIjRkFGQUZBIi8+CiAgICA8L2c+CiAgPC9nPgo8L3N2Zz4K"
                                />
                              </div>
                              <p
                                className="ant-empty-description"
                              >
                                No Data
                              </p>
                            </div>
                          </div>
                        </div>
                      </div>
                    </div>
                  </div>
                </div>
                <div
                  onKeyDown={[Function]}
                  role="presentation"
                  style={
                    Object {
                      "height": 0,
                      "overflow": "hidden",
                      "position": "absolute",
                      "width": 0,
                    }
                  }
                  tabIndex={0}
                />
              </div>
              <div
                aria-hidden="true"
                className="ant-tabs-tabpane ant-tabs-tabpane-inactive"
                role="tabpanel"
              />
              <div
                aria-hidden="true"
                className="ant-tabs-tabpane ant-tabs-tabpane-inactive"
                role="tabpanel"
              />
            </div>
            <div
              onKeyDown={[Function]}
              role="presentation"
              style={
                Object {
                  "height": 0,
                  "overflow": "hidden",
                  "position": "absolute",
                  "width": 0,
                }
              }
              tabIndex={0}
            />
          </div>
        </div>
      </div>
    </div>
  </div>
</div>
`;
