// Jest Snapshot v1, https://goo.gl/fbAQLP

exports[`renders correctly 1`] = `
<button
  className="ant-btn basic-block-btn ant-btn-link"
  disabled={false}
  onClick={[Function]}
  type="button"
>
  <span>
    修改
  </span>
</button>
`;

exports[`renders correctly with no icp record 1`] = `
<button
  className="ant-btn basic-block-btn ant-btn-link"
  disabled={false}
  onClick={[Function]}
  type="button"
>
  <span>
    修改
  </span>
</button>
`;
