// Jest Snapshot v1, https://goo.gl/fbAQLP

exports[`renders correctly 1`] = `
<div
  className="region-selector-wrapper"
>
  <button
    className="ant-btn region-selector-btn"
    onClick={[Function]}
    onMouseDown={[Function]}
    onTouchStart={[Function]}
    type="button"
  >
    <span>
      已选 0/31 个区域
    </span>
  </button>
</div>
`;
