// Jest Snapshot v1, https://goo.gl/fbAQLP

exports[`renders AlarmFiedlInput correctly 1`] = `
<div
  className="alarm-item-input-wrapper"
>
  <div
    className="rule-input-wrapper"
  >
    <section
      className="icecream-form-item alarm-input-form-item icecream-form-item-size-default icecream-form-item-layout-vertical icecream-form-item-validate-status-default"
      style={
        Object {
          "marginBottom": "24px",
        }
      }
    >
      <div
        className="icecream-form-item-body"
      >
        <div
          className="icecream-form-item-content"
        >
          <div
            className="icecream-cascader icecream-input-with-color icecream-input-with-color-validate-status-default icecream-input-with-size-size-default icecream-input-with-size-layout-vertical icecream-cascader-size-default icecream-cascader-single icecream-cascader-show-arrow"
            onBlur={[Function]}
            onFocus={[Function]}
            onKeyDown={[Function]}
            onKeyUp={[Function]}
            onMouseDown={[Function]}
            style={
              Object {
                "width": "140px",
              }
            }
          >
            <div
              className="icecream-cascader-selector"
              onClick={[Function]}
              onMouseDown={[Function]}
            >
              <span
                className="icecream-cascader-selection-search"
              >
                <input
                  aria-autocomplete="list"
                  aria-controls="rc_select_TEST_OR_SSR_list"
                  aria-expanded={false}
                  aria-haspopup="listbox"
                  aria-owns="rc_select_TEST_OR_SSR_list"
                  autoComplete="off"
                  className="icecream-cascader-selection-search-input"
                  disabled={false}
                  id="rc_select_TEST_OR_SSR"
                  onChange={[Function]}
                  onCompositionEnd={[Function]}
                  onCompositionStart={[Function]}
                  onKeyDown={[Function]}
                  onMouseDown={[Function]}
                  onPaste={[Function]}
                  readOnly={true}
                  role="combobox"
                  style={
                    Object {
                      "opacity": 0,
                    }
                  }
                  type="search"
                  unselectable="on"
                  value=""
                />
              </span>
              <span
                className="icecream-cascader-selection-item"
                title="带宽"
              >
                带宽
              </span>
            </div>
            <span
              aria-hidden={true}
              className="icecream-cascader-arrow"
              onMouseDown={[Function]}
              style={
                Object {
                  "WebkitUserSelect": "none",
                  "userSelect": "none",
                }
              }
              unselectable="on"
            >
              <svg
                height="1em"
                viewBox="0 0 16 16"
                width="1em"
              >
                <polygon
                  fill="currentColor"
                  points="5.372 2.416 5.372 9.416 12.372 9.416 12.372 11.416 3.372 11.416 3.372 2.416"
                  transform="rotate(-45 6.665 6.416)"
                />
              </svg>
            </span>
          </div>
        </div>
        <div
          className="icecream-form-item-extra icecream-form-item-extra-default"
        >
          <div
            className="icecream-form-item-validate-message"
          />
        </div>
      </div>
    </section>
  </div>
  <div
    className="threshold-input-wrapper"
  >
    <section
      className="icecream-form-item icecream-form-item-size-default icecream-form-item-layout-vertical icecream-form-item-validate-status-default"
      style={
        Object {
          "marginBottom": "24px",
        }
      }
    >
      <div
        className="icecream-form-item-body"
      >
        <div
          className="icecream-form-item-content"
        >
          <div
            className="icecream-input-with-color icecream-input-with-color-validate-status-default icecream-input-with-size-size-default icecream-input-with-size-layout-vertical icecream-select threshold-input-wrapper-select"
            onBlur={[Function]}
            onClick={[Function]}
            onFocus={[Function]}
            onMouseEnter={[Function]}
            onMouseLeave={[Function]}
          >
            <div
              className="icecream-select-content"
            >
              <div
                className="icecream-select-option-content"
                title="高于"
              >
                高于
              </div>
            </div>
            <div
              className="icecream-select-icon"
            >
              <svg
                className="icecream-select-icon-arrow"
                height="1em"
                viewBox="0 0 16 16"
                width="1em"
              >
                <polygon
                  fill="currentColor"
                  points="5.372 2.416 5.372 9.416 12.372 9.416 12.372 11.416 3.372 11.416 3.372 2.416"
                  transform="rotate(-45 6.665 6.416)"
                />
              </svg>
            </div>
          </div>
        </div>
        <div
          className="icecream-form-item-extra icecream-form-item-extra-default"
        >
          <div
            className="icecream-form-item-validate-message"
          />
        </div>
      </div>
    </section>
    <div
      className="threshold-input-wrapper-value"
    >
      <section
        className="icecream-form-item icecream-form-item-size-default icecream-form-item-layout-vertical icecream-form-item-validate-status-default"
        style={
          Object {
            "marginBottom": "24px",
          }
        }
      >
        <div
          className="icecream-form-item-body"
        >
          <div
            className="icecream-form-item-content"
          >
            <div
              className="icecream-input-group icecream-input-with-color icecream-input-with-color-validate-status-default icecream-input-with-size-size-default icecream-input-with-size-layout-vertical"
              onBlur={[Function]}
              onFocus={[Function]}
              style={
                Object {
                  "width": "13em",
                }
              }
            >
              <div
                className="icecream-input-with-color icecream-input-with-color-validate-status-default icecream-input-with-size-size-default icecream-input-with-size-layout-vertical icecream-text-input icecream-number-input icecream-number-input-no-suffix"
                onClick={[Function]}
              >
                <div
                  className="icecream-text-input-prefix"
                />
                <input
                  className="icecream-text-input-inner"
                  disabled={false}
                  onBlur={[Function]}
                  onChange={[Function]}
                  onFocus={[Function]}
                  onKeyDown={[Function]}
                  value=""
                />
                <div
                  className="icecream-text-input-suffix"
                >
                  <div
                    className="icecream-number-input-ctrl"
                  >
                    <div
                      className="icecream-number-input-ctrl-increase"
                      onClick={[Function]}
                    >
                      <svg
                        className="icecream-number-input-ctrl-icon"
                        height="1em"
                        viewBox="0 0 16 16"
                        width="1em"
                      >
                        <polygon
                          fill="currentColor"
                          points="3.946 13.304 5.361 14.718 12.068 8.011 5.361 1.304 3.946 2.718 9.239 8.011"
                          transform="scale(1 -1) rotate(90 16.018 0)"
                        />
                      </svg>
                    </div>
                    <div
                      className="icecream-number-input-ctrl-decrease"
                      onClick={[Function]}
                    >
                      <svg
                        className="icecream-number-input-ctrl-icon"
                        height="1em"
                        viewBox="0 0 16 16"
                        width="1em"
                      >
                        <polygon
                          fill="currentColor"
                          points="5.372 2.416 5.372 9.416 12.372 9.416 12.372 11.416 3.372 11.416 3.372 2.416"
                          transform="rotate(-45 6.665 6.416)"
                        />
                      </svg>
                    </div>
                  </div>
                </div>
              </div>
              <div
                className="icecream-input-group-item icecream-input-group-item-grey icecream-input-with-color icecream-input-with-color-validate-status-default icecream-input-with-size-size-default icecream-input-with-size-layout-vertical"
              >
                 
                Mbps
                 
              </div>
            </div>
          </div>
          <div
            className="icecream-form-item-extra icecream-form-item-extra-default"
          >
            <div
              className="icecream-form-item-validate-message"
            />
          </div>
        </div>
      </section>
    </div>
  </div>
  <div
    className="data-point-number-input-wrapper"
  >
    <section
      className="icecream-form-item icecream-form-item-size-default icecream-form-item-layout-vertical icecream-form-item-validate-status-default"
      style={
        Object {
          "marginBottom": "24px",
        }
      }
    >
      <div
        className="icecream-form-item-body"
      >
        <div
          className="icecream-form-item-content"
        >
          <div
            className="icecream-input-with-color icecream-input-with-color-validate-status-default icecream-input-with-size-size-default icecream-input-with-size-layout-vertical icecream-select data-point-number-input"
            onBlur={[Function]}
            onClick={[Function]}
            onFocus={[Function]}
            onMouseEnter={[Function]}
            onMouseLeave={[Function]}
          >
            <div
              className="icecream-select-content"
            >
              <div
                className="icecream-select-option-content"
                title="持续 1 个数据点"
              >
                持续 1 个数据点
              </div>
            </div>
            <div
              className="icecream-select-icon"
            >
              <svg
                className="icecream-select-icon-arrow"
                height="1em"
                viewBox="0 0 16 16"
                width="1em"
              >
                <polygon
                  fill="currentColor"
                  points="5.372 2.416 5.372 9.416 12.372 9.416 12.372 11.416 3.372 11.416 3.372 2.416"
                  transform="rotate(-45 6.665 6.416)"
                />
              </svg>
            </div>
          </div>
        </div>
        <div
          className="icecream-form-item-extra icecream-form-item-extra-default"
        >
          <div
            className="icecream-form-item-validate-message"
          />
        </div>
      </div>
    </section>
  </div>
  <div
    className="opreations-wrapper"
  >
    <svg
      className="delete-btn"
      height="1em"
      onClick={[Function]}
      viewBox="0 0 16 16"
      width="1em"
    >
      <path
        d="M12.2928932,2.29289322 L13.7071068,3.70710678 L9.41389322,7.99989322 L13.7071068,12.2928932 L12.2928932,13.7071068 L7.99989322,9.41389322 L3.70710678,13.7071068 L2.29289322,12.2928932 L6.58589322,7.99989322 L2.29289322,3.70710678 L3.70710678,2.29289322 L7.99989322,6.58589322 L12.2928932,2.29289322 Z"
        fill="currentColor"
      />
    </svg>
  </div>
</div>
`;
