// Jest Snapshot v1, https://goo.gl/fbAQLP

exports[`renders correctly 1`] = `
<div
  className="qn-input-number"
>
  <div
    className="qn-input-number-handler-wrap"
  >
    <a
      className="qn-input-number-handler qn-input-number-handler-up "
      onClick={[Function]}
    />
    <a
      className="qn-input-number-handler qn-input-number-handler-down "
      onClick={[Function]}
    />
  </div>
  <input
    className="ant-input"
    disabled={false}
    onBlur={[Function]}
    onChange={[Function]}
    onKeyDown={[Function]}
    type="text"
    value={10}
  />
</div>
`;
