// Jest Snapshot v1, https://goo.gl/fbAQLP

exports[`renders correctly 1`] = `
<div
  className=""
>
  <div
    className="icecream-toaster-container comp-toaster"
  />
  <div
    className="static-notification"
  />
  <div
    className="comp-document-popup react-draggable"
    onMouseDown={[Function]}
    onMouseUp={[Function]}
    onTouchEnd={[Function]}
    style={
      Object {
        "boxSizing": "border-box",
        "cursor": "move",
        "display": "none",
        "flexShrink": 0,
        "height": "470px",
        "left": 0,
        "maxHeight": 9007199254740991,
        "maxWidth": 9007199254740991,
        "minHeight": 235,
        "minWidth": 360,
        "position": "absolute",
        "top": 0,
        "transform": "translate(0px,0px)",
        "userSelect": "auto",
        "width": "360px",
      }
    }
    transform={null}
  >
    <div
      className="comp-document-popup-header"
    >
      <svg
        className="ctl-icon disabled"
        height="1em"
        onClick={[Function]}
        viewBox="0 0 16 16"
        width="1em"
      >
        <path
          d="M8.39895924,0.398959236 L9.60104076,1.60104076 L4.20191847,6.99995924 L16,7 L16,9 L4.20191847,8.99995924 L9.60104076,14.3989592 L8.39895924,15.6010408 L0.797918472,8 L8.39895924,0.398959236 Z"
          fill="currentColor"
        />
      </svg>
      <strong>
        帮助文档
      </strong>
      <svg
        className="ctl-icon"
        height="1em"
        onClick={[Function]}
        viewBox="0 0 16 16"
        width="1em"
      >
        <path
          d="M12.2928932,2.29289322 L13.7071068,3.70710678 L9.41389322,7.99989322 L13.7071068,12.2928932 L12.2928932,13.7071068 L7.99989322,9.41389322 L3.70710678,13.7071068 L2.29289322,12.2928932 L6.58589322,7.99989322 L2.29289322,3.70710678 L3.70710678,2.29289322 L7.99989322,6.58589322 L12.2928932,2.29289322 Z"
          fill="currentColor"
        />
      </svg>
    </div>
    <iframe
      className="comp-document-popup-body"
      src={null}
    />
    <div
      className="comp-document-popup-footer"
    />
    <div>
      <div
        className=""
        onMouseDown={[Function]}
        onTouchStart={[Function]}
        style={
          Object {
            "cursor": "row-resize",
            "height": "10px",
            "left": "0px",
            "position": "absolute",
            "top": "-5px",
            "userSelect": "none",
            "width": "100%",
          }
        }
      />
      <div
        className=""
        onMouseDown={[Function]}
        onTouchStart={[Function]}
        style={
          Object {
            "cursor": "col-resize",
            "height": "100%",
            "position": "absolute",
            "right": "-5px",
            "top": "0px",
            "userSelect": "none",
            "width": "10px",
          }
        }
      />
      <div
        className=""
        onMouseDown={[Function]}
        onTouchStart={[Function]}
        style={
          Object {
            "bottom": "-5px",
            "cursor": "row-resize",
            "height": "10px",
            "left": "0px",
            "position": "absolute",
            "userSelect": "none",
            "width": "100%",
          }
        }
      />
      <div
        className=""
        onMouseDown={[Function]}
        onTouchStart={[Function]}
        style={
          Object {
            "cursor": "col-resize",
            "height": "100%",
            "left": "-5px",
            "position": "absolute",
            "top": "0px",
            "userSelect": "none",
            "width": "10px",
          }
        }
      />
      <div
        className=""
        onMouseDown={[Function]}
        onTouchStart={[Function]}
        style={
          Object {
            "cursor": "ne-resize",
            "height": "20px",
            "position": "absolute",
            "right": "-10px",
            "top": "-10px",
            "userSelect": "none",
            "width": "20px",
          }
        }
      />
      <div
        className=""
        onMouseDown={[Function]}
        onTouchStart={[Function]}
        style={
          Object {
            "bottom": "-10px",
            "cursor": "se-resize",
            "height": "20px",
            "position": "absolute",
            "right": "-10px",
            "userSelect": "none",
            "width": "20px",
          }
        }
      />
      <div
        className=""
        onMouseDown={[Function]}
        onTouchStart={[Function]}
        style={
          Object {
            "bottom": "-10px",
            "cursor": "sw-resize",
            "height": "20px",
            "left": "-10px",
            "position": "absolute",
            "userSelect": "none",
            "width": "20px",
          }
        }
      />
      <div
        className=""
        onMouseDown={[Function]}
        onTouchStart={[Function]}
        style={
          Object {
            "cursor": "nw-resize",
            "height": "20px",
            "left": "-10px",
            "position": "absolute",
            "top": "-10px",
            "userSelect": "none",
            "width": "20px",
          }
        }
      />
    </div>
  </div>
  <div
    className="comp-global-loading"
  >
    <div
      className="global-loading-content"
    >
      <img
        alt="loading"
        src="https://qiniu.staticfile.org/loading.gif"
      />
      平步云端，数据为先
    </div>
  </div>
</div>
`;
