// Jest Snapshot v1, https://goo.gl/fbAQLP

exports[`free cert input render correctly 1`] = `
<div
  className="free-cert-input"
>
  <div
    className="content"
  >
    <div>
      使用七牛云 DV 版免费证书需要注意：
    </div>
    <div>
      1.免费证书只支持绑定单个普通域名，若您需要使用一级域名的免费证书，请到
      <a
        href="https://portal.qiniu.com/certificate/apply"
        rel="noopener noreferrer"
        target="_blank"
      >
        购买证书
      </a>
      页购买免费证书
    </div>
    <div>
      2.开启了以下功能会导致代理验证失败，无法代理申请证书： 回源鉴权、时间戳防盗链、IP 黑白名单、referer 防盗链和证书到期后的强制 HTTPS 访问
    </div>
    <div>
      3.当前加速域名需要 CNAME 到七牛给您分配的 CNAME 域名 
      <p
        className="warning-message"
      >
        请配置 CNAME 
        <a
          className="cname-help-link"
          href="https://developer.qiniu.com/fusion/kb/1322/how-to-configure-cname-domain-name"
          rel="noopener noreferrer"
          target="_blank"
        >
          如何配置
        </a>
      </p>
    </div>
    <div>
      4.当前加速域名的 DNS 记录中不能有 CAA 记录，或者 CAA 记录包含 Digicert.com 和 digicert.com
    </div>
    <div>
      5.免费证书有效期为一年，过期请重新申请
    </div>
    <div>
      6.需要授权七牛云代申请免费证书
    </div>
    <div>
      7.
      <p
        className="warning-message"
      >
        免费证书申请耗时相对较长，平均需要 15 分钟，期间域名访问不受到影响，部分配置不可修改
      </p>
    </div>
  </div>
  <div
    className="agree"
  >
    <label
      className="ant-checkbox-wrapper ant-checkbox-wrapper-checked"
    >
      <span
        className="ant-checkbox ant-checkbox-checked"
        style={Object {}}
      >
        <input
          checked={true}
          className="ant-checkbox-input"
          onBlur={[Function]}
          onChange={[Function]}
          onFocus={[Function]}
          type="checkbox"
        />
        <span
          className="ant-checkbox-inner"
        />
      </span>
      <span>
        <span
          className="agreeDesc"
        >
          同意七牛云代申请免费证书
        </span>
      </span>
    </label>
  </div>
</div>
`;

exports[`free cert input render correctly need cname 1`] = `
<div
  className="free-cert-input"
>
  <div
    className="content"
  >
    <div>
      使用七牛云 DV 版免费证书需要注意：
    </div>
    <div>
      1.免费证书只支持绑定单个普通域名，若您需要使用一级域名的免费证书，请到
      <a
        href="https://portal.qiniu.com/certificate/apply"
        rel="noopener noreferrer"
        target="_blank"
      >
        购买证书
      </a>
      页购买免费证书
    </div>
    <div>
      2.开启了以下功能会导致代理验证失败，无法代理申请证书： 回源鉴权、时间戳防盗链、IP 黑白名单、referer 防盗链和证书到期后的强制 HTTPS 访问
    </div>
    <div>
      3.当前加速域名需要 CNAME 到七牛给您分配的 CNAME 域名 
      <p
        className="warning-message"
      >
        请配置 CNAME 
        <a
          className="cname-help-link"
          href="https://developer.qiniu.com/fusion/kb/1322/how-to-configure-cname-domain-name"
          rel="noopener noreferrer"
          target="_blank"
        >
          如何配置
        </a>
      </p>
    </div>
    <div>
      4.当前加速域名的 DNS 记录中不能有 CAA 记录，或者 CAA 记录包含 Digicert.com 和 digicert.com
    </div>
    <div>
      5.免费证书有效期为一年，过期请重新申请
    </div>
    <div>
      6.需要授权七牛云代申请免费证书
    </div>
    <div>
      7.
      <p
        className="warning-message"
      >
        免费证书申请耗时相对较长，平均需要 15 分钟，期间域名访问不受到影响，部分配置不可修改
      </p>
    </div>
  </div>
  <div
    className="agree"
  >
    <label
      className="ant-checkbox-wrapper ant-checkbox-wrapper-checked"
    >
      <span
        className="ant-checkbox ant-checkbox-checked"
        style={Object {}}
      >
        <input
          checked={true}
          className="ant-checkbox-input"
          onBlur={[Function]}
          onChange={[Function]}
          onFocus={[Function]}
          type="checkbox"
        />
        <span
          className="ant-checkbox-inner"
        />
      </span>
      <span>
        <span
          className="agreeDesc"
        >
          同意七牛云代申请免费证书
        </span>
      </span>
    </label>
  </div>
</div>
`;

exports[`free cert input render correctly with error 1`] = `
<div
  className="free-cert-input"
>
  <div
    className="content"
  >
    <div>
      使用七牛云 DV 版免费证书需要注意：
    </div>
    <div>
      1.免费证书只支持绑定单个普通域名，若您需要使用一级域名的免费证书，请到
      <a
        href="https://portal.qiniu.com/certificate/apply"
        rel="noopener noreferrer"
        target="_blank"
      >
        购买证书
      </a>
      页购买免费证书
    </div>
    <div>
      2.开启了以下功能会导致代理验证失败，无法代理申请证书： 回源鉴权、时间戳防盗链、IP 黑白名单、referer 防盗链和证书到期后的强制 HTTPS 访问
    </div>
    <div>
      3.当前加速域名需要 CNAME 到七牛给您分配的 CNAME 域名 
      <p
        className="warning-message"
      >
        请配置 CNAME 
        <a
          className="cname-help-link"
          href="https://developer.qiniu.com/fusion/kb/1322/how-to-configure-cname-domain-name"
          rel="noopener noreferrer"
          target="_blank"
        >
          如何配置
        </a>
      </p>
    </div>
    <div>
      4.当前加速域名的 DNS 记录中不能有 CAA 记录，或者 CAA 记录包含 Digicert.com 和 digicert.com
    </div>
    <div>
      5.免费证书有效期为一年，过期请重新申请
    </div>
    <div>
      6.需要授权七牛云代申请免费证书
    </div>
    <div>
      7.
      <p
        className="warning-message"
      >
        免费证书申请耗时相对较长，平均需要 15 分钟，期间域名访问不受到影响，部分配置不可修改
      </p>
    </div>
  </div>
  <div
    className="agree"
  >
    <label
      className="ant-checkbox-wrapper ant-checkbox-wrapper-checked"
    >
      <span
        className="ant-checkbox ant-checkbox-checked"
        style={Object {}}
      >
        <input
          checked={true}
          className="ant-checkbox-input"
          onBlur={[Function]}
          onChange={[Function]}
          onFocus={[Function]}
          type="checkbox"
        />
        <span
          className="ant-checkbox-inner"
        />
      </span>
      <span>
        <span
          className="agreeDesc"
        >
          同意七牛云代申请免费证书
        </span>
      </span>
    </label>
  </div>
</div>
`;
